../Core/Src/ssl_app.c:87:23:usb_ready	4	static
../Core/Src/ssl_app.c:92:20:led_set	16	static
../Core/Src/ssl_app.c:100:13:battery_beacon_update	32	static
../Core/Src/ssl_app.c:168:5:_write	40	static
../Core/Src/ssl_app.c:184:13:uart_send_str	16	static
../Core/Src/ssl_app.c:188:13:send_cmd	144	static
../Core/Src/ssl_app.c:197:13:uart_poll_rx_parse	24	static
../Core/Src/ssl_app.c:231:20:set_motor_type	16	static
../Core/Src/ssl_app.c:232:20:set_pluse_phase	16	static
../Core/Src/ssl_app.c:233:20:set_pluse_line	16	static
../Core/Src/ssl_app.c:235:20:read_flash	8	static
../Core/Src/ssl_app.c:236:20:set_pid_x1000	144	static
../Core/Src/ssl_app.c:260:20:set_wheel_diameter_x1000	24	static
../Core/Src/ssl_app.c:266:20:set_deadzone	16	static
../Core/Src/ssl_app.c:267:20:send_upload_data	24	static
../Core/Src/ssl_app.c:272:20:request_battery	8	static
../Core/Src/ssl_app.c:273:20:control_speed	32	static
../Core/Src/ssl_app.c:276:20:stop_pwm	8	static
../Core/Src/ssl_app.c:279:21:fclamp	24	static
../Core/Src/ssl_app.c:283:20:strcasestr_local	24	static
../Core/Src/ssl_app.c:295:13:scale_to_i16_4	56	static
../Core/Src/ssl_app.c:313:16:parse_battery_mV	32	static
../Core/Src/ssl_app.c:332:13:battery_update	24	static
../Core/Src/ssl_app.c:368:13:battery_try_request	16	static
../Core/Src/ssl_app.c:377:13:handle_ssl_command	72	static
../Core/Src/ssl_app.c:436:13:ssl_radio_init	8	static
../Core/Src/ssl_app.c:449:6:SSL_Init	80	static
../Core/Src/ssl_app.c:500:6:SSL_Run	32	static
